Logging initiated. Log file created at: results_CASIMODO_tutorial_RNA/casimodo.log
Start time: 2026-09-24 14:37:49
                                                 ,__     __,                       
                                                 |..|   |..|                       
                                                 ||||_|_||||                       
               _                     _           |::|:::|::|                       
  ___ __ _ ___(_)_ __ ___   ___   __| | ___      |,.|.-,|,.|                       
 / __/ _` / __| | '_ ` _ \ / _ \ / _` |/ _ \     |nn|`-'|nn|                       
| (_| (_| \__ \ | | | | | | (_) | (_| | (_) |    |||||||||||                       
 \___\__,_|___/_|_| |_| |_|\___/ \__,_|\___/     |_ |.-.| _|                       
                                                _|||||_|||||_                      
                                                                                   
Conformational Analysis via Shared Information by MOlecular Dynamics Observables
A program by Paul Guénon, Damien Laage and Olivier Rivoire                         




========= INPUT PARAMETERS =========
step_to_perform: all
output_dir: results_CASIMODO_tutorial_RNA/
topolfile: input_data/topol_RNA.gro
trajfile: input_data/traj_RNA.xtc
dic: dic_for_tutorial_RNA.txt
position_CASIMODO: ../CASIMODO_utils/
time_zero: 100000.0
last_time: -1.0
delta_time: 0.0
method_clustering_local_variables: hdbscan
parameters_clustering_local_variables: [10.0, 15.0, 0.5]
method_clustering_conformations: ward
parameters_clustering_conformations: [5.0]
community_to_process: -1
split_trajectory: False
extension_plots: png
resolution_plots: 200
save_data: False
save_all_plots: False
local_variables_to_add: []
type_local_variables_to_add: []
residues_local_variables_to_add: []
cutoff_distance: 5
proba_under_cutoff_distance: 0.01
proportion_per_bin: 0.02
min_bin_size_distances: 0.1
min_bin_size_angles: 1.0
smooth_factor: 10.0
prominence: 0.025
order_labels: weight
cutoff_npoints_discretization: 100000
minimal_size_to_cluster: 10
cutoff_n_configurations: 50000
===================================

Filtering times and indices...
Trajectory time step: 50.0 ps
Progress: [----------------------------------------] 0%  2026-09-24 14:37:49
Progress: [##--------------------------------------] 5%  2026-09-24 14:37:49
Progress: [####------------------------------------] 10%  2026-09-24 14:37:49
Progress: [######----------------------------------] 15%  2026-09-24 14:37:49
Progress: [########--------------------------------] 20%  2026-09-24 14:37:49
Progress: [##########------------------------------] 25%  2026-09-24 14:37:49
Progress: [############----------------------------] 30%  2026-09-24 14:37:49
Progress: [##############--------------------------] 35%  2026-09-24 14:37:49
Progress: [################------------------------] 40%  2026-09-24 14:37:50
Progress: [##################----------------------] 45%  2026-09-24 14:37:50
Progress: [####################--------------------] 50%  2026-09-24 14:37:50
Progress: [######################------------------] 55%  2026-09-24 14:37:50
Progress: [########################----------------] 60%  2026-09-24 14:37:50
Progress: [##########################--------------] 65%  2026-09-24 14:37:50
Progress: [############################------------] 70%  2026-09-24 14:37:50
Progress: [##############################----------] 75%  2026-09-24 14:37:50
Progress: [################################--------] 80%  2026-09-24 14:37:50
Progress: [##################################------] 85%  2026-09-24 14:37:50
Progress: [####################################----] 90%  2026-09-24 14:37:50
Progress: [######################################--] 95%  2026-09-24 14:37:50
Progress: [########################################] 100%  2026-09-24 14:37:50
Times and indices filtered.
Filtered times (ps): [100000.0, 100050.0, 100100.0, 100150.0, 100200.0, 100250.0, 100300.0, 100350.0, 100400.0, 100450.0, '...', 199550.0, 199600.0, 199650.0, 199700.0, 199750.0, 199800.0, 199850.0, 199900.0, 199950.0, 200000.0]
Corresponding frame indices: [2000, 2001, 2002, 2003, 2004, 2005, 2006, 2007, 2008, 2009, '...', 3991, 3992, 3993, 3994, 3995, 3996, 3997, 3998, 3999, 4000]

Getting important atoms...
Skipping line: []
Residue K not found in dictionaries. Skipping it.
Residue CL not found in dictionaries. Skipping it.

Selected residues:
 RU5 - 1 
 RC - 2 
 RC - 3 
 RC - 4 
 RA - 5 
 RG - 6 
 RU - 7 
 RC - 8 
 RC - 9 
 RA - 10 
 RC - 11 
 RC - 12 
 RG3 - 13 
 RC5 - 14 
 RG - 15 
 RG - 16 
 RU - 17 
 RG - 18 
 RA - 19 
 RG - 20 
 RA - 21 
 RA - 22 
 RG - 23 
 RG - 24 
 RG3 - 25 
 RG5 - 26 
 RG - 27 
 RC - 28 
 RA - 29 
 RG - 30 
 RA - 31 
 RG - 32 
 RA - 33 
 RA - 34 
 RA - 35 
 RC - 36 
 RA - 37 
 RC - 38 
 RA - 39 
 RC - 40 
 RG - 41 
 RA3 - 42 
 RU5 - 43 
 RC - 44 
 RG - 45 
 RU - 46 
 RG - 47 
 RG - 48 
 RU - 49 
 RAP - 50 
 RC - 51 
 RA - 52 
 RU - 53 
 RU - 54 
 RA - 55 
 RC - 56 
 RC - 57 
 RU - 58 
 RG - 59 
 RC - 60 
 RC3 - 61 

Saving important atoms to file...
Important atoms saved to file.

Precomputing positions of important atoms...
Progress: [----------------------------------------] 0%  2026-09-24 14:37:50
Progress: [##--------------------------------------] 5%  2026-09-24 14:37:50
Progress: [####------------------------------------] 10%  2026-09-24 14:37:50
Progress: [######----------------------------------] 15%  2026-09-24 14:37:50
Progress: [########--------------------------------] 20%  2026-09-24 14:37:51
Progress: [##########------------------------------] 25%  2026-09-24 14:37:51
Progress: [############----------------------------] 30%  2026-09-24 14:37:51
Progress: [##############--------------------------] 35%  2026-09-24 14:37:51
Progress: [################------------------------] 40%  2026-09-24 14:37:51
Progress: [##################----------------------] 45%  2026-09-24 14:37:51
Progress: [####################--------------------] 50%  2026-09-24 14:37:51
Progress: [######################------------------] 56%  2026-09-24 14:37:51
Progress: [########################----------------] 61%  2026-09-24 14:37:51
Progress: [##########################--------------] 66%  2026-09-24 14:37:51
Progress: [############################------------] 71%  2026-09-24 14:37:51
Progress: [##############################----------] 76%  2026-09-24 14:37:51
Progress: [################################--------] 81%  2026-09-24 14:37:52
Progress: [##################################------] 86%  2026-09-24 14:37:52
Progress: [####################################----] 91%  2026-09-24 14:37:52
Progress: [######################################--] 96%  2026-09-24 14:37:52
Progress: [########################################] 100%  2026-09-24 14:37:52
Positions of important atoms precomputed.

Precomputing positions of nucleic acids backbone atoms...
Progress: [----------------------------------------] 0%  2026-09-24 14:37:52
Progress: [##--------------------------------------] 5%  2026-09-24 14:37:52
Progress: [####------------------------------------] 10%  2026-09-24 14:37:52
Progress: [######----------------------------------] 15%  2026-09-24 14:37:53
Progress: [########--------------------------------] 20%  2026-09-24 14:37:53
Progress: [##########------------------------------] 25%  2026-09-24 14:37:53
Progress: [############----------------------------] 30%  2026-09-24 14:37:53
Progress: [##############--------------------------] 35%  2026-09-24 14:37:53
Progress: [################------------------------] 40%  2026-09-24 14:37:53
Progress: [##################----------------------] 45%  2026-09-24 14:37:54
Progress: [####################--------------------] 50%  2026-09-24 14:37:54
Progress: [######################------------------] 56%  2026-09-24 14:37:54
Progress: [########################----------------] 61%  2026-09-24 14:37:54
Progress: [##########################--------------] 66%  2026-09-24 14:37:54
Progress: [############################------------] 71%  2026-09-24 14:37:54
Progress: [##############################----------] 76%  2026-09-24 14:37:55
Progress: [################################--------] 81%  2026-09-24 14:37:55
Progress: [##################################------] 86%  2026-09-24 14:37:55
Progress: [####################################----] 91%  2026-09-24 14:37:55
Progress: [######################################--] 96%  2026-09-24 14:37:55
Progress: [########################################] 100%  2026-09-24 14:37:55
Positions of nucleic acids backbone atoms precomputed.

Computing distances...
Progress: [----------------------------------------] 0%  2026-09-24 14:37:56
Progress: [##--------------------------------------] 5%  2026-09-24 14:38:08
Progress: [####------------------------------------] 10%  2026-09-24 14:38:10
Progress: [######----------------------------------] 15%  2026-09-24 14:38:13
Progress: [########--------------------------------] 20%  2026-09-24 14:38:29
Progress: [##########------------------------------] 25%  2026-09-24 14:38:35
Progress: [############----------------------------] 30%  2026-09-24 14:38:37
Progress: [##############--------------------------] 35%  2026-09-24 14:38:44
Progress: [################------------------------] 40%  2026-09-24 14:38:57
Progress: [##################----------------------] 45%  2026-09-24 14:39:03
Progress: [####################--------------------] 50%  2026-09-24 14:39:04
Progress: [######################------------------] 55%  2026-09-24 14:39:06
Progress: [########################----------------] 60%  2026-09-24 14:39:10
Progress: [##########################--------------] 65%  2026-09-24 14:39:12
Progress: [############################------------] 70%  2026-09-24 14:39:20
Progress: [##############################----------] 75%  2026-09-24 14:39:27
Progress: [################################--------] 80%  2026-09-24 14:39:32
Progress: [##################################------] 85%  2026-09-24 14:39:46
Progress: [####################################----] 90%  2026-09-24 14:40:02
Progress: [######################################--] 96%  2026-09-24 14:40:12
Progress: [########################################] 100%  2026-09-24 14:40:20
Distances computed and saved.
Not enough amino acids selected for dihedral analysis. Skipping.

Computing dihedrals in nucleic acids backbone...
Progress: [----------------------------------------] 0%  2026-09-24 14:40:20
Progress: [###-------------------------------------] 7%  2026-09-24 14:40:23
Progress: [#####-----------------------------------] 13%  2026-09-24 14:40:26
Progress: [########--------------------------------] 20%  2026-09-24 14:40:28
Progress: [##########------------------------------] 26%  2026-09-24 14:40:32
Progress: [#############---------------------------] 33%  2026-09-24 14:40:34
Progress: [################------------------------] 39%  2026-09-24 14:40:36
Progress: [##################----------------------] 46%  2026-09-24 14:40:39
Progress: [#####################-------------------] 52%  2026-09-24 14:40:40
Progress: [########################----------------] 59%  2026-09-24 14:40:42
Progress: [##########################--------------] 66%  2026-09-24 14:40:45
Progress: [#############################-----------] 72%  2026-09-24 14:40:48
Progress: [###############################---------] 79%  2026-09-24 14:40:51
Progress: [##################################------] 85%  2026-09-24 14:40:55
Progress: [#####################################---] 92%  2026-09-24 14:40:57
Progress: [#######################################-] 98%  2026-09-24 14:41:00
Progress: [########################################] 100%  2026-09-24 14:41:00
Dihedrals computed and saved.

Discretizing data...
Discretization completed.
Computing single frequencies...
Single frequencies computed.
Computing double frequencies...
Progress: [----------------------------------------] 0%  2026-09-24 14:41:00
Progress: [##--------------------------------------] 5%  2026-09-24 14:41:02
Progress: [####------------------------------------] 10%  2026-09-24 14:41:03
Progress: [######----------------------------------] 15%  2026-09-24 14:41:04
Progress: [########--------------------------------] 20%  2026-09-24 14:41:05
Progress: [##########------------------------------] 25%  2026-09-24 14:41:07
Progress: [############----------------------------] 30%  2026-09-24 14:41:08
Progress: [##############--------------------------] 35%  2026-09-24 14:41:09
Progress: [################------------------------] 40%  2026-09-24 14:41:10
Progress: [##################----------------------] 45%  2026-09-24 14:41:12
Progress: [####################--------------------] 50%  2026-09-24 14:41:13
Progress: [######################------------------] 55%  2026-09-24 14:41:14
Progress: [########################----------------] 60%  2026-09-24 14:41:15
Progress: [##########################--------------] 65%  2026-09-24 14:41:17
Progress: [############################------------] 70%  2026-09-24 14:41:18
Progress: [##############################----------] 75%  2026-09-24 14:41:19
Progress: [################################--------] 80%  2026-09-24 14:41:20
Progress: [##################################------] 85%  2026-09-24 14:41:22
Progress: [####################################----] 90%  2026-09-24 14:41:23
Progress: [######################################--] 95%  2026-09-24 14:41:24
Progress: [########################################] 100%  2026-09-24 14:41:25
Double frequencies computed.

Computing entropy...
Entropy computed.

Computing coupled entropy...
Coupled Entropy computed.

Computing Rajski distance...
Computing low data bias correction...
Low data bias correction computed.
Rajski distance computed.

Clustering local variables using hdbscan...
Clustering completed and labels saved.

Plotting clustering results...
Clustering results plotted and saved.

Writing communities to file...
Communities written to file.

Getting resids in communities...
Getting resids in communities completed.

Loading data for conformational analysis...

Splitting discretized array by communities...
Found 5 communities based on clustering labels.
Extracting unique configurations for communities...
Total probability of unique configurations under cutoff_n_configurations in each cluster: [1. 1. 1. 1. 1.]
Computing distances between unique configurations in each community...
Cluster 0: Found 333 unique configurations.

Plotting clustering results...
Clustering results plotted and saved.
Cluster 1: Found 334 unique configurations.

Plotting clustering results...
Clustering results plotted and saved.
Cluster 2: Found 260 unique configurations.

Plotting clustering results...
Clustering results plotted and saved.
Cluster 3: Found 1470 unique configurations.

Plotting clustering results...
Clustering results plotted and saved.
Cluster 4: Found 44 unique configurations.

Plotting clustering results...
Clustering results plotted and saved.
Conformations for community 0: [0 1]        -1 indicates noise
Probabilities of conformations: ['0.302', '0.698']
Total probability: 1.000
Conformations for community 1: [0 1]        -1 indicates noise
Probabilities of conformations: ['0.735', '0.265']
Total probability: 1.000
Conformations for community 2: [0 1]        -1 indicates noise
Probabilities of conformations: ['0.853', '0.147']
Total probability: 1.000
Conformations for community 3: [0 1]        -1 indicates noise
Probabilities of conformations: ['0.274', '0.726']
Total probability: 1.000
Conformations for community 4: [0]        -1 indicates noise
Probabilities of conformations: ['1.000']
Total probability: 1.000

Computing most probable configuration for each community...
Most probable configuration in community 0, conformation 0: [1 1 1 1 1 1 1 1 1 1 1 1 1 1 1 1] with probability 0.19940029985007496
Most probable configuration in community 0, conformation 1: [0 0 0 0 0 0 0 0 2 0 0 0 0 0 0 0] with probability 0.09295352323838081
Most probable configuration in community 1, conformation 0: [0 0 0 0 0 0 0 0 0 0 0 0 0 0 0 0 0 0 0 0 0 0 0 0 0 0 0 0 0 0 0 0 0 0 0 0 0
 0 0 0 0 0] with probability 0.49075462268865566
Most probable configuration in community 1, conformation 1: [0 2 2 1 1 0 3 1 1 2 1 2 3 1 2 1 2 2 2 1 1 1 1 2 1 1 1 1 1 1 2 2 3 2 1 1 1
 1 2 1 1 1] with probability 0.025987006496751622
Most probable configuration in community 2, conformation 0: [0 0 0 0 0 0 0 0 0 0 0 0 0 0 0 0 0 0 0 0 0 0 0 0 0 0 0 0 0 0 0 0 0 0 0 0 0
 0 0 0 0 0 0 0 0 0 0 0 0 0 0 0 0 0 0 0 0 0 0 0 0 0 0] with probability 0.6241879060469765
Most probable configuration in community 2, conformation 1: [1 1 1 1 1 1 1 1 1 1 1 1 1 1 1 1 1 1 1 1 1 1 1 1 1 1 1 1 1 1 1 1 1 1 1 1 1
 1 1 1 1 1 1 1 1 1 1 1 1 1 1 1 1 1 1 1 1 1 1 1 1 1 1] with probability 0.02448775612193903
Most probable configuration in community 3, conformation 0: [1 1 1 1 1 1 1 1 1 1 1 1 1 1 1 1 1 1 1 1 1 1 1 1 1 1 2 1 2 2 2 1 1 1 1 1 1
 1 1 2 1 1 2 1 1 2 1 1 1 1 1 1 1 1 1 1 1 1 1 1 1 1 1 1 1 2 2 1 1 2 1 1 1 1
 1 1 1 1 1 1 1 1 1 1 1 1 1 1 2 1 1 1 1 1 1 1 1 1 1 1 1 1 1 1 1 1 1 1 1 1 1
 1 1 1 1 1 1 1 2 1 1 1 1 1 1 1 1 1 1 1 1 1 1 1 1 1 1 1 1 1 2 1 1 2 2 1 3 1
 1 1 1 1 1 1 1 1 1 1 1 1 1 1 1 1 1 2 1 1 1 1 1 1 1 1 1 1 1 1 1 1 1 1 1 1 1
 1 1 1 1 1 1 1 1 1 1 1 1 1 1 1 1 1 1 1 1 2 1 1 1 1 1 1 1 1 1 1 1 1 1 1 1 1
 1] with probability 0.0029985007496251873
Most probable configuration in community 3, conformation 1: [0 0 0 0 0 0 0 0 0 0 0 0 0 0 0 0 0 0 0 0 0 0 0 0 0 0 0 0 0 0 0 0 0 0 0 0 0
 0 0 0 0 0 1 0 0 1 0 0 0 0 0 0 0 0 0 0 0 0 0 0 0 0 0 0 0 0 0 0 0 0 0 0 0 0
 0 0 0 0 0 0 0 0 0 0 0 0 0 0 0 0 0 0 0 0 0 0 0 0 0 0 0 0 0 0 0 0 0 0 0 0 0
 0 0 0 0 0 0 0 0 0 0 0 0 0 0 0 0 0 0 0 0 0 0 0 0 0 0 0 0 0 0 0 0 0 0 0 0 0
 0 0 0 0 0 0 0 0 0 0 0 0 0 0 0 0 0 0 0 0 0 0 0 0 0 0 0 0 0 0 0 0 0 0 0 0 0
 0 0 0 0 0 0 0 0 0 0 0 0 0 0 0 0 0 0 0 0 0 0 0 0 0 0 0 0 0 0 0 0 0 0 0 0 0
 0] with probability 0.05997001499250375
Most probable configuration in community 4, conformation 0: [0 0 0 0 0 0 0 0 0 0 0 0 0 0 0 0 0 0 0 0 0 0 0 0 0 0 0 0 0 0 0 0 0 0 0 0 0
 0 0 0] with probability 0.8775612193903048

Writing conformations to file...
Conformations written to file.
Extracting frames for conformational states...
Processing conformations for community 0...
Processing conformations for community 1...
Processing conformations for community 2...
Processing conformations for community 3...
Processing conformations for community 4...
Community 4 has no several conformations to process.
Frame extraction completed.

Plotting conformations as a function of time...
Ndx file for community 4 not found. Skipping plot.
Conformational time plot saved.



Analysis complete at 2026-09-24 14:41:39
Results are saved in: results_CASIMODO_tutorial_RNA/
Step performed: all
